// Jest Snapshot v1, https://goo.gl/fbAQLP

exports[`should render NotFoundPage correctly 1`] = `
<div
  className="page-content"
>
  <div
    className="container  not-found-page"
  >
    <img
      alt="Page is not found"
      className="not-found-page__img"
      src="/img/404-page.png"
    />
    <h1
      className="not-found-page__title"
    >
      Oops! This page is not found...
    </h1>
  </div>
</div>
`;
